// Jest Snapshot v1, https://goo.gl/fbAQLP

exports[`PlayViewer should render correctly with passed Props. 1`] = `
<div
  className="container"
>
  <div
    className="justify-content-center row"
    style={
      Object {
        "margin": 20,
      }
    }
  >
    <div
      className="text-center col-md-6"
    >
      <span>
        1/1
      </span>
    </div>
  </div>
  <div
    className="justify-content-center row"
  >
    <div
      className="text-center"
    >
      <span
        style={
          Object {
            "color": "gray",
          }
        }
      >
        <svg
          aria-hidden="true"
          className="svg-inline--fa fa-info-circle fa-w-16 "
          data-icon="info-circle"
          data-prefix="fas"
          focusable="false"
          role="img"
          style={Object {}}
          viewBox="0 0 512 512"
          xmlns="http://www.w3.org/2000/svg"
        >
          <path
            d="M256 8C119.043 8 8 119.083 8 256c0 136.997 111.043 248 248 248s248-111.003 248-248C504 119.083 392.957 8 256 8zm0 110c23.196 0 42 18.804 42 42s-18.804 42-42 42-42-18.804-42-42 18.804-42 42-42zm56 254c0 6.627-5.373 12-12 12h-88c-6.627 0-12-5.373-12-12v-24c0-6.627 5.373-12 12-12h12v-64h-12c-6.627 0-12-5.373-12-12v-24c0-6.627 5.373-12 12-12h64c6.627 0 12 5.373 12 12v100h12c6.627 0 12 5.373 12 12v24z"
            fill="currentColor"
            style={Object {}}
          />
        </svg>
         Click the Card to see if you're right!
      </span>
      <div
        style={
          Object {
            "opacity": 0,
            "transform": "translate3d(100%,0,0)",
          }
        }
      >
        <div
          className="container"
          id="toggler"
          onClick={[Function]}
          style={
            Object {
              "cursor": "pointer",
              "overflow": "hidden",
              "padding": "25px 0 25px 0",
              "position": "absolute",
            }
          }
        >
          <div>
            <div
              className="justify-content-center text-center"
              id="front"
              style={
                Object {
                  "display": "flex",
                  "justifyContent": "center",
                  "opacity": 1,
                  "transform": "perspective(600px) rotateY(0deg)",
                }
              }
            >
              <div
                className="mx-auto card"
                style={
                  Object {
                    "height": "22rem",
                    "position": "absolute",
                    "width": "16em",
                  }
                }
              >
                <div
                  className="card-header"
                >
                  <div
                    className="card-subtitle h6"
                  >
                    Front
                  </div>
                </div>
                <div
                  className="card-body"
                  style={
                    Object {
                      "height": "15em",
                    }
                  }
                >
                  <div
                    dangerouslySetInnerHTML={
                      Object {
                        "__html": "hello",
                      }
                    }
                  />
                </div>
              </div>
            </div>
            <div
              id="back"
              style={
                Object {
                  "display": "flex",
                  "justifyContent": "center",
                  "opacity": 0,
                  "transform": "perspective(600px) rotateY(0deg) rotateY(180deg)",
                }
              }
            >
              <div
                className="card"
                style={
                  Object {
                    "height": "22rem",
                    "width": "16em",
                  }
                }
              >
                <div
                  className="card-header"
                >
                  <div
                    className="card-subtitle h6"
                  >
                    Back
                  </div>
                </div>
                <div
                  className="card-body"
                  style={
                    Object {
                      "height": "10em",
                    }
                  }
                >
                  <div
                    dangerouslySetInnerHTML={
                      Object {
                        "__html": "world",
                      }
                    }
                  />
                </div>
              </div>
            </div>
          </div>
        </div>
      </div>
    </div>
  </div>
</div>
`;
