// Jest Snapshot v1, https://goo.gl/fbAQLP

exports[`LoadingButton should render spinner 1`] = `
<button
  className="btn btn-primary"
  disabled={false}
  type="button"
>
  <div
    className="spinner-border"
  />
</button>
`;
